[www.enableds.com/products/ampinsta/index.html]
[cdn.ampproject.org/v0.js]
[cdn.ampproject.org/v0/amp-carousel-0.1.js]
[cdn.ampproject.org/v0/amp-image-lightbox-0.1.js]
[www.enableds.com/products/ampinsta/index-2.html]
[maxcdn.bootstrapcdn.com/font-awesome/4.7.0/css/font-awesome.min.css]
[backblue.gif]
[fade.gif]
[index.html]
[www.enableds.com/products/ampinsta/images/pictures/1.jpg]
[www.enableds.com/products/ampinsta/images/pictures/2.jpg]
[www.enableds.com/products/ampinsta/images/pictures/3.jpg]
[www.enableds.com/products/ampinsta/images/pictures/4.jpg]
[www.enableds.com/products/ampinsta/images/pictures/5.jpg]
[www.enableds.com/products/ampinsta/images/pictures/6.jpg]
[www.enableds.com/products/ampinsta/images/pictures/7.jpg]
[www.enableds.com/products/ampinsta/images/pictures/8.jpg]
[www.enableds.com/products/ampinsta/images/pictures/9.jpg]
[www.enableds.com/products/ampinsta/images/pictures_vertical/bg1.jpg]
[www.enableds.com/products/ampinsta/images/pictures_vertical/bg0.jpg]
[www.enableds.com/products/ampinsta/images/logo_dark.png]
[www.enableds.com/products/ampinsta/images/logo_light.png]
[www.enableds.com/products/ampinsta/images/amp-logo.png]
[www.enableds.com/products/ampinsta/images/pictures_vertical/bg2.jpg]
[www.enableds.com/products/ampinsta/contact.html]
[www.enableds.com/products/ampinsta/button-amp.html]
[www.enableds.com/products/ampinsta/button-pages.html]
[www.enableds.com/products/ampinsta/button-media.html]
[www.enableds.com/products/ampinsta/images/ionicons/bulb.png]
[www.enableds.com/products/ampinsta/index-news.html]
[www.enableds.com/products/ampinsta/images/ionicons/ios7-cog-outline.png]
[www.enableds.com/products/ampinsta/images/ionicons/ios7-bolt-outline.png]
[www.enableds.com/products/ampinsta/images/ionicons/ios7-heart-outline.png]
[www.enableds.com/products/ampinsta/images/ionicons/ios7-copy-outline.png]
[www.enableds.com/products/ampinsta/images/amp_dribbble.png]
[www.enableds.com/products/ampinsta/images/ionicons/quote.png]
[www.enableds.com/products/ampinsta/images/pictures/5t.jpg]
[www.enableds.com/products/ampinsta/images/pictures/1t.jpg]
[www.enableds.com/products/ampinsta/images/pictures/2t.jpg]
[www.enableds.com/products/ampinsta/images/pictures/3t.jpg]
[www.enableds.com/products/ampinsta/images/pictures/4t.jpg]
[www.enableds.com/products/ampinsta/images/pictures/6t.jpg]
[www.enableds.com/products/ampinsta/images/pictures/7t.jpg]
[www.enableds.com/products/ampinsta/images/pictures/8t.jpg]
[www.enableds.com/products/ampinsta/index-splash.html]
[www.enableds.com/products/ampinsta/index-landing.html]
[www.enableds.com/products/ampinsta/cover-1.html]
[www.enableds.com/products/ampinsta/cover-2.html]
[www.enableds.com/products/ampinsta/cover-3.html]
[www.enableds.com/products/ampinsta/cover-4.html]
[www.enableds.com/products/ampinsta/index.html]
[www.enableds.com/products/ampinsta/index-2.html]
[maxcdn.bootstrapcdn.com/font-awesome/4.7.0/css/font-awesome.min.css]
[www.enableds.com/products/ampinsta/cover-5.html]
[cdn.ampproject.org/v0/amp-iframe-0.1.js]
[cdn.ampproject.org/v0/amp-mustache-0.1.js]
[cdn.ampproject.org/v0/amp-form-0.1.js]
[www.enableds.com/products/ampinsta/contact.html]
[www.enableds.com/products/ampinsta/features-type.html]
[www.enableds.com/products/ampinsta/features-buttons.html]
[www.enableds.com/products/ampinsta/features-dividers.html]
[www.enableds.com/products/ampinsta/features-columns.html]
[www.enableds.com/products/ampinsta/features-headings.html]
[www.enableds.com/products/ampinsta/features-inputs.html]
[www.enableds.com/products/ampinsta/features-quotes.html]
[www.enableds.com/products/ampinsta/amp-accordion.html]
[www.enableds.com/products/ampinsta/amp-carousel.html]
[www.enableds.com/products/ampinsta/amp-fonts.html]
[www.enableds.com/products/ampinsta/amp-lightbox.html]
[www.enableds.com/products/ampinsta/amp-maps.html]
[www.enableds.com/products/ampinsta/amp-lists.html]
[www.enableds.com/products/ampinsta/amp-notifications.html]
[www.enableds.com/products/ampinsta/amp-jwp.html]
[www.enableds.com/products/ampinsta/amp-daily.html]
[www.enableds.com/products/ampinsta/amp-soundcloud.html]
[www.enableds.com/products/ampinsta/amp-vimeo.html]
[www.enableds.com/products/ampinsta/amp-youtube.html]
[www.enableds.com/products/ampinsta/amp-facebook.html]
[www.enableds.com/products/ampinsta/amp-twitter.html]
[www.enableds.com/products/ampinsta/amp-instagram.html]
[www.enableds.com/products/ampinsta/amp-pinterest.html]
[www.enableds.com/products/ampinsta/button-amp.html]
[www.enableds.com/products/ampinsta/amp-social-share.html]
[www.enableds.com/products/ampinsta/page-error.html]
[www.enableds.com/products/ampinsta/page-soon.html]
[www.enableds.com/products/ampinsta/page-profile-1.html]
[www.enableds.com/products/ampinsta/page-profile-2.html]
[www.enableds.com/products/ampinsta/page-timeline-1.html]
[www.enableds.com/products/ampinsta/page-timeline-2.html]
[www.enableds.com/products/ampinsta/page-testimonials.html]
[www.enableds.com/products/ampinsta/news-cards.html]
[www.enableds.com/products/ampinsta/news-list-1.html]
[www.enableds.com/products/ampinsta/news-list-2.html]
[www.enableds.com/products/ampinsta/news-post-1.html]
[www.enableds.com/products/ampinsta/button-pages.html]
[www.enableds.com/products/ampinsta/news-post-2.html]
[www.enableds.com/products/ampinsta/gallery-round.html]
[www.enableds.com/products/ampinsta/gallery-wide.html]
[www.enableds.com/products/ampinsta/gallery-square.html]
[www.enableds.com/products/ampinsta/gallery-project.html]
[www.enableds.com/products/ampinsta/portfolio-1.html]
[www.enableds.com/products/ampinsta/portfolio-2.html]
[www.enableds.com/products/ampinsta/button-media.html]
[www.enableds.com/products/ampinsta/portfolio-item.html]
[www.enableds.com/products/ampinsta/images/pictures/9t.jpg]
[www.enableds.com/products/ampinsta/index-news.html]
[www.enableds.com/products/ampinsta/index-splash.html]
[www.enableds.com/products/ampinsta/index-landing.html]
[www.enableds.com/products/ampinsta/cover-1.html]
[www.enableds.com/products/ampinsta/cover-2.html]
[www.enableds.com/products/ampinsta/images/pictures/1w.jpg]
[www.enableds.com/products/ampinsta/cover-3.html]
[www.enableds.com/products/ampinsta/cover-4.html]
[www.enableds.com/products/ampinsta/cover-5.html]
[www.enableds.com/products/ampinsta/features-type.html]
[www.enableds.com/products/ampinsta/features-buttons.html]
[www.enableds.com/products/ampinsta/features-dividers.html]
[www.enableds.com/products/ampinsta/images/pictures/2w.jpg]
[www.enableds.com/products/ampinsta/images/pictures/3w.jpg]
[www.enableds.com/products/ampinsta/features-columns.html]
[www.enableds.com/products/ampinsta/features-headings.html]
[www.enableds.com/products/ampinsta/features-inputs.html]
[www.enableds.com/products/ampinsta/features-quotes.html]
[cdn.ampproject.org/v0/amp-accordion-0.1.js]
[www.enableds.com/products/ampinsta/images/pictures/0w.jpg]
[www.enableds.com/products/ampinsta/amp-accordion.html]
[www.enableds.com/products/ampinsta/amp-carousel.html]
[cdn.ampproject.org/v0/amp-font-0.1.js]
[www.enableds.com/products/ampinsta/amp-fonts.html]
[www.enableds.com/products/ampinsta/amp-maps.html]
[www.enableds.com/products/ampinsta/amp-lightbox.html]
[www.enableds.com/products/ampinsta/amp-lists.html]
[cdn.ampproject.org/v0/amp-user-notification-0.1.js]
[cdn.ampproject.org/v0/amp-analytics-0.1.js]
[www.enableds.com/products/ampinsta/amp-notifications.html]
[cdn.ampproject.org/v0/amp-dailymotion-0.1.js]
[www.enableds.com/products/ampinsta/amp-daily.html]
[cdn.ampproject.org/v0/amp-jwplayer-0.1.js]
[www.enableds.com/products/ampinsta/amp-jwp.html]
[cdn.ampproject.org/v0/amp-soundcloud-0.1.js]
[www.enableds.com/products/ampinsta/amp-soundcloud.html]
[cdn.ampproject.org/v0/amp-vimeo-0.1.js]
[www.enableds.com/products/ampinsta/amp-vimeo.html]
[cdn.ampproject.org/v0/amp-youtube-0.1.js]
[www.enableds.com/products/ampinsta/amp-youtube.html]
[cdn.ampproject.org/v0/amp-facebook-0.1.js]
[www.enableds.com/products/ampinsta/amp-facebook.html]
[cdn.ampproject.org/v0/amp-twitter-0.1.js]
[www.enableds.com/products/ampinsta/amp-twitter.html]
[cdn.ampproject.org/v0/amp-instagram-0.1.js]
[www.enableds.com/products/ampinsta/amp-instagram.html]
[cdn.ampproject.org/v0/amp-pinterest-0.1.js]
[www.enableds.com/products/ampinsta/amp-pinterest.html]
[cdn.ampproject.org/v0/amp-social-share-0.1.js]
[www.enableds.com/products/ampinsta/amp-social-share.html]
[www.enableds.com/products/ampinsta/page-error.html]
[www.enableds.com/products/ampinsta/page-soon.html]
[www.enableds.com/products/ampinsta/images/profile.jpg]
[www.enableds.com/products/ampinsta/images/pictures/9s.jpg]
[www.enableds.com/products/ampinsta/images/pictures/1s.jpg]
[www.enableds.com/products/ampinsta/images/pictures/2s.jpg]
[www.enableds.com/products/ampinsta/images/pictures/3s.jpg]
[www.enableds.com/products/ampinsta/images/pictures/4s.jpg]
[www.enableds.com/products/ampinsta/images/pictures/5s.jpg]
[www.enableds.com/products/ampinsta/images/pictures/6s.jpg]
[www.enableds.com/products/ampinsta/images/pictures/7s.jpg]
[www.enableds.com/products/ampinsta/page-profile-1.html]
[www.enableds.com/products/ampinsta/images/pictures/8s.jpg]
[www.enableds.com/products/ampinsta/page-profile-2.html]
[www.enableds.com/products/ampinsta/images/pictures/1ww.jpg]
[www.enableds.com/products/ampinsta/page-timeline-1.html]
[www.enableds.com/products/ampinsta/page-timeline-2.html]
[www.enableds.com/products/ampinsta/page-testimonials.html]
[www.enableds.com/products/ampinsta/news-cards.html]
[www.enableds.com/products/ampinsta/news-list-1.html]
[www.enableds.com/products/ampinsta/images/pictures/0t.jpg]
[www.enableds.com/products/ampinsta/news-list-2.html]
[www.enableds.com/products/ampinsta/news-post-1.html]
[www.enableds.com/products/ampinsta/news-post-2.html]
[www.enableds.com/products/ampinsta/gallery-round.html]
[www.enableds.com/products/ampinsta/gallery-square.html]
[www.enableds.com/products/ampinsta/gallery-wide.html]
[www.enableds.com/products/ampinsta/gallery-project.html]
[www.enableds.com/products/ampinsta/portfolio-1.html]
[www.enableds.com/products/ampinsta/portfolio-2.html]
[www.enableds.com/products/ampinsta/portfolio-item.html]
[www.enableds.com/products/ampinsta/images/pictures/0w.html]
[www.enableds.com/products/ampinsta/images/pictures/1ww.html]
[www.enableds.com/products/ampinsta/images/pictures/0t.html]
